
> react-typescript-starter@0.1.0 test
> react-scripts test --coverage

Browserslist: caniuse-lite is outdated. Please run:
  npx browserslist@latest --update-db
  Why you should do it regularly: https://github.com/browserslist/browserslist#browsers-data-updating
FAIL src/App.test.tsx
  ✕ renders the course name somewhere (30 ms)

  ● renders the course name somewhere

    TestingLibraryElementError: Unable to find an element with the text: /CISC275/i. This could be because the text is broken up by multiple elements. In this case, you can provide a function for your text matcher to make your matcher more flexible.

    Ignored nodes: comments, <script />, <style />
    [36m<body>[39m
      [36m<div>[39m
        [36m<div[39m
          [33mclass[39m=[32m"App"[39m
        [36m/>[39m
      [36m</div>[39m
    [36m</body>[39m

       5 | test("renders the course name somewhere", () => {
       6 |     render(<App />);
    >  7 |     const linkElement = screen.getByText(/CISC275/i);
         |                                ^
       8 |     expect(linkElement).toBeInTheDocument();
       9 | });
      10 |

      at Object.getElementError (node_modules/@testing-library/dom/dist/config.js:38:19)
      at node_modules/@testing-library/dom/dist/query-helpers.js:90:38
      at node_modules/@testing-library/dom/dist/query-helpers.js:62:17
      at getByText (node_modules/@testing-library/dom/dist/query-helpers.js:111:19)
      at Object.<anonymous> (src/App.test.tsx:7:32)
      at TestScheduler.scheduleTests (node_modules/@jest/core/build/TestScheduler.js:333:13)
      at runJest (node_modules/@jest/core/build/runJest.js:404:19)
      at _run10000 (node_modules/@jest/core/build/cli/index.js:320:7)
      at runCLI (node_modules/@jest/core/build/cli/index.js:173:3)

------------------|---------|----------|---------|---------|-------------------
File              | % Stmts | % Branch | % Funcs | % Lines | Uncovered Line #s 
------------------|---------|----------|---------|---------|-------------------
All files         |       2 |        0 |    6.25 |    2.04 |                   
 src              |       2 |        0 |    6.25 |    2.04 |                   
  App.tsx         |     100 |      100 |     100 |     100 |                   
  Board.tsx       |       0 |        0 |       0 |       0 | 7-51              
  BoardSquare.tsx |       0 |        0 |       0 |       0 | 13-27             
  Overlay.tsx     |       0 |      100 |       0 |       0 | 7-8               
  Pic.tsx         |       0 |        0 |       0 |       0 | 5-13              
  Square.tsx      |       0 |      100 |       0 |       0 | 4-5               
  constants.ts    |       0 |      100 |     100 |       0 | 1                 
  game.ts         |       0 |        0 |       0 |       0 | 1-29              
 src/interfaces   |       0 |        0 |       0 |       0 |                   
  Fish.ts         |       0 |        0 |       0 |       0 |                   
  Tank.ts         |       0 |        0 |       0 |       0 |                   
------------------|---------|----------|---------|---------|-------------------
Test Suites: 1 failed, 1 total
Tests:       1 failed, 1 total
Snapshots:   0 total
Time:        2.032 s
Ran all test suites.
